******************************************************************************
                  MSP430 Linker PC v4.4.3                      
******************************************************************************
>> Linked Mon Mar 23 00:33:14 2015

OUTPUT FILE NAME:   <AFSv1.out>
ENTRY POINT SYMBOL: "_c_int00_noargs_noexit"  address: 0000c710


MEMORY CONFIGURATION

         name            origin    length      used     unused   attr    fill
----------------------  --------  ---------  --------  --------  ----  --------
  SFR                   00000000   00000010  00000000  00000010  RWIX
  PERIPHERALS_8BIT      00000010   000000f0  00000000  000000f0  RWIX
  PERIPHERALS_16BIT     00000100   00000100  00000000  00000100  RWIX
  RAM                   00000200   00000200  00000159  000000a7  RWIX
  INFOD                 00001000   00000040  00000000  00000040  RWIX
  INFOC                 00001040   00000040  00000000  00000040  RWIX
  INFOB                 00001080   00000040  00000000  00000040  RWIX
  INFOA                 000010c0   00000040  00000000  00000040  RWIX
  FLASH                 0000c000   00003fe0  000008d0  00003710  RWIX
  INT00                 0000ffe0   00000002  00000002  00000000  RWIX
  INT01                 0000ffe2   00000002  00000000  00000002  RWIX
  INT02                 0000ffe4   00000002  00000002  00000000  RWIX
  INT03                 0000ffe6   00000002  00000002  00000000  RWIX
  INT04                 0000ffe8   00000002  00000000  00000002  RWIX
  INT05                 0000ffea   00000002  00000002  00000000  RWIX
  INT06                 0000ffec   00000002  00000002  00000000  RWIX
  INT07                 0000ffee   00000002  00000002  00000000  RWIX
  INT08                 0000fff0   00000002  00000002  00000000  RWIX
  INT09                 0000fff2   00000002  00000002  00000000  RWIX
  INT10                 0000fff4   00000002  00000002  00000000  RWIX
  INT11                 0000fff6   00000002  00000002  00000000  RWIX
  INT12                 0000fff8   00000002  00000002  00000000  RWIX
  INT13                 0000fffa   00000002  00000002  00000000  RWIX
  INT14                 0000fffc   00000002  00000002  00000000  RWIX
  RESET                 0000fffe   00000002  00000002  00000000  RWIX


SECTION ALLOCATION MAP

 output                                  attributes/
section   page    origin      length       input sections
--------  ----  ----------  ----------   ----------------
.data      0    00000200    00000109     UNINITIALIZED
                  00000200    000000c8     esp8266.obj (.data:string1)
                  000002c8    00000012     main.obj (.data:feed_hour)
                  000002da    00000012     main.obj (.data:feed_min)
                  000002ec    00000012     main.obj (.data:num_of_units)
                  000002fe    00000006     main.obj (.data)
                  00000304    00000005     esp8266.obj (.data)

.TI.persistent 
*          0    00000200    00000000     UNINITIALIZED

.stack     0    000003b0    00000050     UNINITIALIZED
                  000003b0    00000002     rts430_eabi.lib : boot.obj (.stack)
                  000003b2    0000004e     --HOLE--

.text      0    0000c000    0000085e     
                  0000c000    00000104     main.obj (.text:process_ir)
                  0000c104    000000bc     esp8266.obj (.text:update_settings)
                  0000c1c0    000000a0     main.obj (.text:main)
                  0000c260    0000007a     esp8266.obj (.text:init_esp)
                  0000c2da    00000074     esp8266.obj (.text:wifiCommand_ack)
                  0000c34e    0000006c     main.obj (.text:flash_write)
                  0000c3ba    00000064     rts430_eabi.lib : copy_decompress_rle.obj (.text:__TI_decompress_rle_core)
                  0000c41e    00000058                     : autoinit.obj (.text:_auto_init)
                  0000c476    0000004e     main.obj (.text:run_motor)
                  0000c4c4    0000004c     rts430_eabi.lib : lsr16.obj (.text)
                  0000c510    00000040     main.obj (.text:check_for_feed)
                  0000c550    00000036     main.obj (.text:flash_erase)
                  0000c586    00000036     rts430_eabi.lib : strstr.obj (.text:strstr)
                  0000c5bc    00000034     main.obj (.text:update_rtc)
                  0000c5f0    0000002e     main.obj (.text:flash_read)
                  0000c61e    0000002a     esp8266.obj (.text:init_serial)
                  0000c648    00000028     esp8266.obj (.text:clear_buffer)
                  0000c670    00000026     esp8266.obj (.text:USCI0RX_ISR)
                  0000c696    00000022     esp8266.obj (.text:mode1)
                  0000c6b8    0000001e     main.obj (.text:config_ports)
                  0000c6d6    0000001e     main.obj (.text:nmi_)
                  0000c6f4    0000001c     esp8266.obj (.text:serial_puts)
                  0000c710    0000001a     rts430_eabi.lib : boot_special.obj (.text:_c_int00_noargs_noexit)
                  0000c72a    0000001a     main.obj (.text:config_timer0)
                  0000c744    0000001a     esp8266.obj (.text:receive_data)
                  0000c75e    0000001a     rts430_eabi.lib : strchr.obj (.text:strchr)
                  0000c778    00000018     main.obj (.text:config_timer1)
                  0000c790    00000016     main.obj (.text:delay_seconds)
                  0000c7a6    00000014     main.obj (.text:config_clock)
                  0000c7ba    00000014     rts430_eabi.lib : mult16.obj (.text)
                  0000c7ce    00000012                     : copy_decompress_none.obj (.text:decompress:none:__TI_decompress_none)
                  0000c7e0    00000012                     : memcpy.obj (.text:memcpy)
                  0000c7f2    00000012     main.obj (.text:timer)
                  0000c804    00000012     main.obj (.text:timer_motor)
                  0000c816    00000010     rts430_eabi.lib : epilog.obj (.text)
                  0000c826    00000010     main.obj (.text:start_timer1)
                  0000c836    0000000c     esp8266.obj (.text:serial_putsc)
                  0000c842    00000008     main.obj (.text:ADC10_ISR)
                  0000c84a    00000006     rts430_eabi.lib : isr_trap.obj (.text:_isr:__TI_ISR_TRAP)
                  0000c850    00000006                     : copy_decompress_rle.obj (.text:decompress:rle24:__TI_decompress_rle24)
                  0000c856    00000004                     : pre_init.obj (.text:_system_pre_init)
                  0000c85a    00000004                     : exit.obj (.text:abort)

.const     0    0000c85e    0000005a     
                  0000c85e    0000005a     esp8266.obj (.const:.string)

.cinit     0    0000c8b8    00000018     
                  0000c8b8    0000000f     (.cinit..data.load) [load image, compression = rle]
                  0000c8c7    00000001     --HOLE-- [fill = 0]
                  0000c8c8    00000004     (__TI_handler_table)
                  0000c8cc    00000004     (__TI_cinit_table)

.init_array 
*          0    0000c000    00000000     UNINITIALIZED

TRAPINT    0    0000ffe0    00000002     
                  0000ffe0    00000002     rts430_eabi.lib : int00.obj (.int00)

PORT1      0    0000ffe4    00000002     
                  0000ffe4    00000002     rts430_eabi.lib : int02.obj (.int02)

PORT2      0    0000ffe6    00000002     
                  0000ffe6    00000002     rts430_eabi.lib : int03.obj (.int03)

ADC10      0    0000ffea    00000002     
                  0000ffea    00000002     main.obj (.int05)

USCIAB0TX 
*          0    0000ffec    00000002     
                  0000ffec    00000002     rts430_eabi.lib : int06.obj (.int06)

USCIAB0RX 
*          0    0000ffee    00000002     
                  0000ffee    00000002     esp8266.obj (.int07)

TIMER0_A1 
*          0    0000fff0    00000002     
                  0000fff0    00000002     rts430_eabi.lib : int08.obj (.int08)

TIMER0_A0 
*          0    0000fff2    00000002     
                  0000fff2    00000002     main.obj (.int09)

WDT        0    0000fff4    00000002     
                  0000fff4    00000002     rts430_eabi.lib : int10.obj (.int10)

COMPARATORA 
*          0    0000fff6    00000002     
                  0000fff6    00000002     rts430_eabi.lib : int11.obj (.int11)

TIMER1_A1 
*          0    0000fff8    00000002     
                  0000fff8    00000002     rts430_eabi.lib : int12.obj (.int12)

TIMER1_A0 
*          0    0000fffa    00000002     
                  0000fffa    00000002     main.obj (.int13)

NMI        0    0000fffc    00000002     
                  0000fffc    00000002     main.obj (.int14)

.reset     0    0000fffe    00000002     
                  0000fffe    00000002     rts430_eabi.lib : boot.obj (.reset)


LINKER GENERATED COPY TABLES

__TI_cinit_table @ 0000c8cc records: 1, size/record: 4, table size: 4
	.data: load addr=0000c8b8, load size=0000000f bytes, run addr=00000200, run size=00000109 bytes, compression=rle


LINKER GENERATED HANDLER TABLE

__TI_handler_table @ 0000c8c8 records: 2, size/record: 2, table size: 4
	index: 0, handler: __TI_decompress_rle24
	index: 1, handler: __TI_decompress_none


GLOBAL SYMBOLS: SORTED ALPHABETICALLY BY Name 

address   name                    
-------   ----                    
0000004a  ADC10AE0                
000001b0  ADC10CTL0               
000001b2  ADC10CTL1               
00000048  ADC10DTC0               
00000049  ADC10DTC1               
000001b4  ADC10MEM                
000001bc  ADC10SA                 
0000c842  ADC10_ISR               
00000057  BCSCTL1                 
00000058  BCSCTL2                 
00000053  BCSCTL3                 
0000c85a  C$$EXIT                 
00000059  CACTL1                  
0000005a  CACTL2                  
000010fb  CALBC1_12MHZ            
000010f9  CALBC1_16MHZ            
000010ff  CALBC1_1MHZ             
000010fd  CALBC1_8MHZ             
000010fa  CALDCO_12MHZ            
000010f8  CALDCO_16MHZ            
000010fe  CALDCO_1MHZ             
000010fc  CALDCO_8MHZ             
0000005b  CAPD                    
00000056  DCOCTL                  
00000128  FCTL1                   
0000012a  FCTL2                   
0000012c  FCTL3                   
00000000  IE1                     
00000001  IE2                     
00000002  IFG1                    
00000003  IFG2                    
00000022  P1DIR                   
00000025  P1IE                    
00000024  P1IES                   
00000023  P1IFG                   
00000020  P1IN                    
00000021  P1OUT                   
00000027  P1REN                   
00000026  P1SEL                   
00000041  P1SEL2                  
0000002a  P2DIR                   
0000002d  P2IE                    
0000002c  P2IES                   
0000002b  P2IFG                   
00000028  P2IN                    
00000029  P2OUT                   
0000002f  P2REN                   
0000002e  P2SEL                   
00000042  P2SEL2                  
0000001a  P3DIR                   
00000018  P3IN                    
00000019  P3OUT                   
00000010  P3REN                   
0000001b  P3SEL                   
00000043  P3SEL2                  
00000172  TA0CCR0                 
00000174  TA0CCR1                 
00000176  TA0CCR2                 
00000162  TA0CCTL0                
00000164  TA0CCTL1                
00000166  TA0CCTL2                
00000160  TA0CTL                  
0000012e  TA0IV                   
00000170  TA0R                    
00000192  TA1CCR0                 
00000194  TA1CCR1                 
00000196  TA1CCR2                 
00000182  TA1CCTL0                
00000184  TA1CCTL1                
00000186  TA1CCTL2                
00000180  TA1CTL                  
0000011e  TA1IV                   
00000190  TA1R                    
000010db  TLV_ADC10_1_LEN         
000010da  TLV_ADC10_1_TAG         
000010c0  TLV_CHECKSUM            
000010f7  TLV_DCO_30_LEN          
000010f6  TLV_DCO_30_TAG          
0000005d  UCA0ABCTL               
00000062  UCA0BR0                 
00000063  UCA0BR1                 
00000060  UCA0CTL0                
00000061  UCA0CTL1                
0000005f  UCA0IRRCTL              
0000005e  UCA0IRTCTL              
00000064  UCA0MCTL                
00000066  UCA0RXBUF               
00000065  UCA0STAT                
00000067  UCA0TXBUF               
0000006a  UCB0BR0                 
0000006b  UCB0BR1                 
00000068  UCB0CTL0                
00000069  UCB0CTL1                
0000006c  UCB0I2CIE               
00000118  UCB0I2COA               
0000011a  UCB0I2CSA               
0000006e  UCB0RXBUF               
0000006d  UCB0STAT                
0000006f  UCB0TXBUF               
0000c670  USCI0RX_ISR             
00000120  WDTCTL                  
00000400  __STACK_END             
00000050  __STACK_SIZE            
0000c8cc  __TI_CINIT_Base         
0000c8d0  __TI_CINIT_Limit        
0000c8c8  __TI_Handler_Table_Base 
0000c8cc  __TI_Handler_Table_Limit
UNDEFED   __TI_INITARRAY_Base     
UNDEFED   __TI_INITARRAY_Limit    
0000c84a  __TI_ISR_TRAP           
0000c7ce  __TI_decompress_none    
0000c850  __TI_decompress_rle24   
0000ffe0  __TI_int00              
0000ffe4  __TI_int02              
0000ffe6  __TI_int03              
0000ffea  __TI_int05              
0000ffec  __TI_int06              
0000ffee  __TI_int07              
0000fff0  __TI_int08              
0000fff2  __TI_int09              
0000fff4  __TI_int10              
0000fff6  __TI_int11              
0000fff8  __TI_int12              
0000fffa  __TI_int13              
0000fffc  __TI_int14              
ffffffff  __binit__               
ffffffff  __c_args__              
0000c822  __mspabi_func_epilog_1  
0000c820  __mspabi_func_epilog_2  
0000c81e  __mspabi_func_epilog_3  
0000c81c  __mspabi_func_epilog_4  
0000c81a  __mspabi_func_epilog_5  
0000c818  __mspabi_func_epilog_6  
0000c816  __mspabi_func_epilog_7  
0000c7ba  __mspabi_mpyi           
0000c7ba  __mspabi_mpyi_sw        
0000c4c4  __mspabi_srli           
0000c50a  __mspabi_srli_1         
0000c4e6  __mspabi_srli_10        
0000c4e2  __mspabi_srli_11        
0000c4de  __mspabi_srli_12        
0000c4da  __mspabi_srli_13        
0000c4d6  __mspabi_srli_14        
0000c4d2  __mspabi_srli_15        
0000c506  __mspabi_srli_2         
0000c502  __mspabi_srli_3         
0000c4fe  __mspabi_srli_4         
0000c4fa  __mspabi_srli_5         
0000c4f6  __mspabi_srli_6         
0000c4f2  __mspabi_srli_7         
0000c4ee  __mspabi_srli_8         
0000c4ea  __mspabi_srli_9         
0000c41e  _auto_init              
0000c710  _c_int00_noargs_noexit  
0000fffe  _reset_vector           
000003b0  _stack                  
0000c856  _system_pre_init        
0000c85a  abort                   
ffffffff  binit                   
0000c510  check_for_feed          
0000c648  clear_buffer            
0000c7a6  config_clock            
0000c6b8  config_ports            
0000c72a  config_timer0           
0000c778  config_timer1           
0000c790  delay_seconds           
000002c8  feed_hour               
000002da  feed_min                
0000c550  flash_erase             
0000c5f0  flash_read              
0000c34e  flash_write             
00000300  hour                    
00000306  i                       
0000c260  init_esp                
0000c61e  init_serial             
0000c1c0  main                    
0000c7e0  memcpy                  
000002ff  min                     
0000c696  mode1                   
0000c6d6  nmi_                    
00000302  num_of_feeds            
000002ec  num_of_units            
0000c000  process_ir              
0000c744  receive_data            
0000c476  run_motor               
00000308  rx_flag                 
000002fe  sec                     
0000c6f4  serial_puts             
0000c836  serial_putsc            
0000c826  start_timer1            
00000301  status_flags            
0000c75e  strchr                  
00000200  string1                 
0000c586  strstr                  
0000c7f2  timer                   
0000c804  timer_motor             
0000c5bc  update_rtc              
0000c104  update_settings         
00000304  val                     
0000c2da  wifiCommand_ack         


GLOBAL SYMBOLS: SORTED BY Symbol Address 

address   name                    
-------   ----                    
00000000  IE1                     
00000001  IE2                     
00000002  IFG1                    
00000003  IFG2                    
00000010  P3REN                   
00000018  P3IN                    
00000019  P3OUT                   
0000001a  P3DIR                   
0000001b  P3SEL                   
00000020  P1IN                    
00000021  P1OUT                   
00000022  P1DIR                   
00000023  P1IFG                   
00000024  P1IES                   
00000025  P1IE                    
00000026  P1SEL                   
00000027  P1REN                   
00000028  P2IN                    
00000029  P2OUT                   
0000002a  P2DIR                   
0000002b  P2IFG                   
0000002c  P2IES                   
0000002d  P2IE                    
0000002e  P2SEL                   
0000002f  P2REN                   
00000041  P1SEL2                  
00000042  P2SEL2                  
00000043  P3SEL2                  
00000048  ADC10DTC0               
00000049  ADC10DTC1               
0000004a  ADC10AE0                
00000050  __STACK_SIZE            
00000053  BCSCTL3                 
00000056  DCOCTL                  
00000057  BCSCTL1                 
00000058  BCSCTL2                 
00000059  CACTL1                  
0000005a  CACTL2                  
0000005b  CAPD                    
0000005d  UCA0ABCTL               
0000005e  UCA0IRTCTL              
0000005f  UCA0IRRCTL              
00000060  UCA0CTL0                
00000061  UCA0CTL1                
00000062  UCA0BR0                 
00000063  UCA0BR1                 
00000064  UCA0MCTL                
00000065  UCA0STAT                
00000066  UCA0RXBUF               
00000067  UCA0TXBUF               
00000068  UCB0CTL0                
00000069  UCB0CTL1                
0000006a  UCB0BR0                 
0000006b  UCB0BR1                 
0000006c  UCB0I2CIE               
0000006d  UCB0STAT                
0000006e  UCB0RXBUF               
0000006f  UCB0TXBUF               
00000118  UCB0I2COA               
0000011a  UCB0I2CSA               
0000011e  TA1IV                   
00000120  WDTCTL                  
00000128  FCTL1                   
0000012a  FCTL2                   
0000012c  FCTL3                   
0000012e  TA0IV                   
00000160  TA0CTL                  
00000162  TA0CCTL0                
00000164  TA0CCTL1                
00000166  TA0CCTL2                
00000170  TA0R                    
00000172  TA0CCR0                 
00000174  TA0CCR1                 
00000176  TA0CCR2                 
00000180  TA1CTL                  
00000182  TA1CCTL0                
00000184  TA1CCTL1                
00000186  TA1CCTL2                
00000190  TA1R                    
00000192  TA1CCR0                 
00000194  TA1CCR1                 
00000196  TA1CCR2                 
000001b0  ADC10CTL0               
000001b2  ADC10CTL1               
000001b4  ADC10MEM                
000001bc  ADC10SA                 
00000200  string1                 
000002c8  feed_hour               
000002da  feed_min                
000002ec  num_of_units            
000002fe  sec                     
000002ff  min                     
00000300  hour                    
00000301  status_flags            
00000302  num_of_feeds            
00000304  val                     
00000306  i                       
00000308  rx_flag                 
000003b0  _stack                  
00000400  __STACK_END             
000010c0  TLV_CHECKSUM            
000010da  TLV_ADC10_1_TAG         
000010db  TLV_ADC10_1_LEN         
000010f6  TLV_DCO_30_TAG          
000010f7  TLV_DCO_30_LEN          
000010f8  CALDCO_16MHZ            
000010f9  CALBC1_16MHZ            
000010fa  CALDCO_12MHZ            
000010fb  CALBC1_12MHZ            
000010fc  CALDCO_8MHZ             
000010fd  CALBC1_8MHZ             
000010fe  CALDCO_1MHZ             
000010ff  CALBC1_1MHZ             
0000c000  process_ir              
0000c104  update_settings         
0000c1c0  main                    
0000c260  init_esp                
0000c2da  wifiCommand_ack         
0000c34e  flash_write             
0000c41e  _auto_init              
0000c476  run_motor               
0000c4c4  __mspabi_srli           
0000c4d2  __mspabi_srli_15        
0000c4d6  __mspabi_srli_14        
0000c4da  __mspabi_srli_13        
0000c4de  __mspabi_srli_12        
0000c4e2  __mspabi_srli_11        
0000c4e6  __mspabi_srli_10        
0000c4ea  __mspabi_srli_9         
0000c4ee  __mspabi_srli_8         
0000c4f2  __mspabi_srli_7         
0000c4f6  __mspabi_srli_6         
0000c4fa  __mspabi_srli_5         
0000c4fe  __mspabi_srli_4         
0000c502  __mspabi_srli_3         
0000c506  __mspabi_srli_2         
0000c50a  __mspabi_srli_1         
0000c510  check_for_feed          
0000c550  flash_erase             
0000c586  strstr                  
0000c5bc  update_rtc              
0000c5f0  flash_read              
0000c61e  init_serial             
0000c648  clear_buffer            
0000c670  USCI0RX_ISR             
0000c696  mode1                   
0000c6b8  config_ports            
0000c6d6  nmi_                    
0000c6f4  serial_puts             
0000c710  _c_int00_noargs_noexit  
0000c72a  config_timer0           
0000c744  receive_data            
0000c75e  strchr                  
0000c778  config_timer1           
0000c790  delay_seconds           
0000c7a6  config_clock            
0000c7ba  __mspabi_mpyi           
0000c7ba  __mspabi_mpyi_sw        
0000c7ce  __TI_decompress_none    
0000c7e0  memcpy                  
0000c7f2  timer                   
0000c804  timer_motor             
0000c816  __mspabi_func_epilog_7  
0000c818  __mspabi_func_epilog_6  
0000c81a  __mspabi_func_epilog_5  
0000c81c  __mspabi_func_epilog_4  
0000c81e  __mspabi_func_epilog_3  
0000c820  __mspabi_func_epilog_2  
0000c822  __mspabi_func_epilog_1  
0000c826  start_timer1            
0000c836  serial_putsc            
0000c842  ADC10_ISR               
0000c84a  __TI_ISR_TRAP           
0000c850  __TI_decompress_rle24   
0000c856  _system_pre_init        
0000c85a  C$$EXIT                 
0000c85a  abort                   
0000c8c8  __TI_Handler_Table_Base 
0000c8cc  __TI_CINIT_Base         
0000c8cc  __TI_Handler_Table_Limit
0000c8d0  __TI_CINIT_Limit        
0000ffe0  __TI_int00              
0000ffe4  __TI_int02              
0000ffe6  __TI_int03              
0000ffea  __TI_int05              
0000ffec  __TI_int06              
0000ffee  __TI_int07              
0000fff0  __TI_int08              
0000fff2  __TI_int09              
0000fff4  __TI_int10              
0000fff6  __TI_int11              
0000fff8  __TI_int12              
0000fffa  __TI_int13              
0000fffc  __TI_int14              
0000fffe  _reset_vector           
ffffffff  __binit__               
ffffffff  __c_args__              
ffffffff  binit                   
UNDEFED   __TI_INITARRAY_Base     
UNDEFED   __TI_INITARRAY_Limit    

[200 symbols]
